{
    "type": "boolean",
    "flags": [
        "readonly"
    ],
    "hidden": "function hidden",
    "readonly": "function readonly",
    "init": "function init"
}
