{
    "type": "boolean",
    "flags": [],
    "hidden": "function hidden",
    "readonly": "function readonly",
    "init": "function init"
}
