'value' was expected to be of type Object but was type undefined with value of 'undefined'
