'name' was expected to be of type String but was type number with value of '42'
