[
    {
        "property_name": "joyeuseTableDefinition.column",
        "type": "joyeuseColumnDef",
        "value_given": "undefined"
    },
    {
        "property_name": "joyeuseTableDefinition.column_key",
        "type": "joyeuseColumnDef",
        "value_given": "undefined"
    }
]
