[
    {
        "property_name": "testObject.bProperty.age",
        "type": "int",
        "value_given": "two"
    }
]
