
constuctor was not the correct type

object recieved from constuctor:
{
    "client": "mssql",
    "searchPath": "some,path"
}

Knex is the underlying library. To understand what it is expecting read:
http://knexjs.org/

Below is a list of properties and whether or not they pass validation.

constructorParameter.connection: undefined
Expected type: variant<knexConnectionObject; knexConnectionFileObject; knexConnectionString>
