[
    {
        "property_name": "myProperty",
        "type": "int",
        "value_given": "not an int"
    }
]
