[
    {
        "property_name": "myProperty",
        "type": "boolean",
        "value_given": "not a boolean"
    }
]
