[
    {
        "property_name": "",
        "type": "int",
        "value_given": false
    }
]
