[
    {
        "property_name": "joyeuseTableDefinition.relations[0]",
        "type": "retlationsTypeDef",
        "value_given": "MyDevice.nameId *-> Names.Id"
    }
]
