{
    "type": "boolean",
    "flags": [
        "hidden",
        "readonly"
    ]
}
