[
    {
        "property_name": "testObject.aProperty",
        "type": "boolean",
        "value_given": "thingy"
    },
    {
        "property_name": "testObject.bProperty",
        "type": "int",
        "value_given": "true"
    }
]
