[
    {
        "property_name": "testObject.bProperty",
        "type": "string",
        "value_given": "undefined"
    }
]
