[
    {
        "property_name": "joyeuseTableDefinition.key",
        "type": "array<requiredString>",
        "value_given": "undefined"
    }
]
