[
    {
        "property_name": "testObject.aProperty",
        "type": "boolean",
        "value_given": "thingy"
    }
]
