{
    "type": "boolean",
    "flags": [
        "readonly",
        "hidden"
    ]
}
