{
    "name": "requiredString",
    "type": "validType",
    "flags": "columnFlags"
}
