[
    "'name' was expected to be of type string but was type undefined with value of 'undefined'",
    "'age' was expected to be of type int but was type string with value of '3'",
    "'status' was expected to be of type undefined but was type number with value of '2'"
]
