connection object had an incorrect field
{
	'host' was expected to be of type ip4 but was type undefined with value of 'undefined'
}
