input_type:variant<type_name;array<type_name>> => function_to
