type:variant<type_name;array<type_name>> => type_name
